<?xml version="1.0" encoding="UTF-8"?>
<TestRun id="bcb49727-3523-41b0-92cd-5905bdbf5f97" name="lanliang@LANLIANG 2012-03-06 16:02:49" runUser="FEINNO\lanliang" xmlns="http://microsoft.com/schemas/VisualStudio/TeamTest/2006">
  <TestRunConfiguration name="Local Test Run" id="bdc57d06-3181-4251-9012-5faaaa8a00ee">
    <Description>This is a default test run configuration for a local test run.</Description>
    <Deployment runDeploymentRoot="E:\Demo\c++Lab1\TestResults\lanliang_LANLIANG 2012-03-06 16_02_49" />
    <TestTypeSpecific />
  </TestRunConfiguration>
  <ResultSummary outcome="Error">
    <Counters total="1" executed="1" error="0" failed="0" timeout="0" aborted="1" inconclusive="0" passedButRunAborted="0" notRunnable="0" notExecuted="0" disconnected="0" warning="0" passed="0" completed="0" inProgress="0" pending="0" />
    <RunInfos>
      <RunInfo computerName="LANLIANG" outcome="Error" timestamp="2012-03-06T16:03:02.0569365+08:00">
        <Text>Test host process exited unexpectedly.</Text>
      </RunInfo>
    </RunInfos>
  </ResultSummary>
  <Times creation="2012-03-06T16:02:49.1818541+08:00" queuing="2012-03-06T16:02:50.8381147+08:00" start="2012-03-06T16:02:51.4474936+08:00" finish="2012-03-06T16:03:02.0569365+08:00" />
  <TestDefinitions>
    <UnitTest name="TestMethod1" storage="e:\demo\c++lab1\debug\c++test2.dll" id="dfe80fde-f6ac-2719-09ac-c2ce0773b6db">
      <Css projectStructure="" iteration="" />
      <Owners>
        <Owner name="" />
      </Owners>
      <TestMethod codeBase="e:\Demo\c++Lab1\Debug\C++TEST2.dll" adapterTypeName="Microsoft.VisualStudio.TestTools.TestTypes.Unit.UnitTestAdapter, Microsoft.VisualStudio.QualityTools.Tips.UnitTest.Adapter, Version=9.0.0.0, Culture=neutral, PublicKeyToken=b03f5f7f11d50a3a" className="CTEST2.UnitTest1, C++TEST2" name="TestMethod1" />
    </UnitTest>
  </TestDefinitions>
  <TestLists>
    <TestList name="Results Not in a List" id="8c84fa94-04c1-424b-9868-57a2d4851a1d" />
    <TestList name="All Loaded Results" id="19431567-8539-422a-85d7-44ee4e166bda" />
  </TestLists>
  <TestEntries>
    <TestEntry testId="dfe80fde-f6ac-2719-09ac-c2ce0773b6db" executionId="0cb2d8aa-6dea-49cb-8442-816f91795e41" testListId="8c84fa94-04c1-424b-9868-57a2d4851a1d" />
  </TestEntries>
  <Results>
    <UnitTestResult executionId="0cb2d8aa-6dea-49cb-8442-816f91795e41" testId="dfe80fde-f6ac-2719-09ac-c2ce0773b6db" testName="TestMethod1" computerName="LANLIANG" duration="00:00:10.4688170" startTime="2012-03-06T16:02:51.5881195+08:00" endTime="2012-03-06T16:03:02.0569365+08:00" testType="13cdc9d9-ddb5-4fa4-a97d-d965ccfc6d4b" outcome="Aborted" testListId="8c84fa94-04c1-424b-9868-57a2d4851a1d">
    </UnitTestResult>
  </Results>
</TestRun>