<?xml version="1.0" encoding="UTF-8"?>
<TestRun id="01a9f748-a3ee-4356-9059-47836ee6f615" name="lanliang@LANLIANG 2012-03-06 16:02:27" runUser="FEINNO\lanliang" xmlns="http://microsoft.com/schemas/VisualStudio/TeamTest/2006">
  <TestRunConfiguration name="Local Test Run" id="bdc57d06-3181-4251-9012-5faaaa8a00ee">
    <Description>This is a default test run configuration for a local test run.</Description>
    <Deployment runDeploymentRoot="E:\Demo\c++Lab1\TestResults\lanliang_LANLIANG 2012-03-06 16_02_27" />
    <TestTypeSpecific />
  </TestRunConfiguration>
  <ResultSummary outcome="Error">
    <Counters total="2" executed="2" error="0" failed="0" timeout="0" aborted="2" inconclusive="0" passedButRunAborted="0" notRunnable="0" notExecuted="0" disconnected="0" warning="0" passed="0" completed="0" inProgress="0" pending="0" />
    <RunInfos>
      <RunInfo computerName="LANLIANG" outcome="Error" timestamp="2012-03-06T16:02:44.7599508+08:00">
        <Text>Test host process exited unexpectedly.</Text>
      </RunInfo>
    </RunInfos>
  </ResultSummary>
  <Times creation="2012-03-06T16:02:27.4629651+08:00" queuing="2012-03-06T16:02:36.6036486+08:00" start="2012-03-06T16:02:38.1817837+08:00" finish="2012-03-06T16:02:44.7599508+08:00" />
  <TestDefinitions>
    <ManualTest name="ManualTest1" storage="e:\Demo\c++Lab1\C++TEST2\ManualTest1.mht" id="ec8a2153-ad4b-4c86-be44-7473dd7888fb">
      <Css projectStructure="" iteration="" />
      <Description>To do: set description</Description>
      <Owners>
        <Owner name="" />
      </Owners>
      <Execution id="db69e1c8-adf1-4b9a-bd2e-ebdb2bec7e6e" />
    </ManualTest>
    <UnitTest name="TestMethod1" storage="e:\demo\c++lab1\debug\c++test2.dll" id="dfe80fde-f6ac-2719-09ac-c2ce0773b6db">
      <Css projectStructure="" iteration="" />
      <Owners>
        <Owner name="" />
      </Owners>
      <TestMethod codeBase="e:\Demo\c++Lab1\Debug\C++TEST2.dll" adapterTypeName="Microsoft.VisualStudio.TestTools.TestTypes.Unit.UnitTestAdapter, Microsoft.VisualStudio.QualityTools.Tips.UnitTest.Adapter, Version=9.0.0.0, Culture=neutral, PublicKeyToken=b03f5f7f11d50a3a" className="CTEST2.UnitTest1, C++TEST2" name="TestMethod1" />
    </UnitTest>
  </TestDefinitions>
  <TestLists>
    <TestList name="Results Not in a List" id="8c84fa94-04c1-424b-9868-57a2d4851a1d" />
    <TestList name="All Loaded Results" id="19431567-8539-422a-85d7-44ee4e166bda" />
  </TestLists>
  <TestEntries>
    <TestEntry testId="ec8a2153-ad4b-4c86-be44-7473dd7888fb" executionId="db69e1c8-adf1-4b9a-bd2e-ebdb2bec7e6e" testListId="8c84fa94-04c1-424b-9868-57a2d4851a1d" />
    <TestEntry testId="dfe80fde-f6ac-2719-09ac-c2ce0773b6db" executionId="dade11b7-0dcd-440f-bf64-cc3fabcc2ff8" testListId="8c84fa94-04c1-424b-9868-57a2d4851a1d" />
  </TestEntries>
  <Results>
    <ManualTestResult executionId="db69e1c8-adf1-4b9a-bd2e-ebdb2bec7e6e" testId="ec8a2153-ad4b-4c86-be44-7473dd7888fb" testName="ManualTest1" computerName="LANLIANG" duration="00:00:03.4624660" startTime="2012-03-06T16:02:38.6661618+08:00" endTime="2012-03-06T16:02:42.1349340+08:00" testType="7a24f8ff-85da-d664-ef44-83ff4743dae6" outcome="Aborted" testListId="8c84fa94-04c1-424b-9868-57a2d4851a1d" testFile="E:\Demo\c++Lab1\TestResults\lanliang_LANLIANG 2012-03-06 16_02_27\Out\ManualTest1.mht">
    </ManualTestResult>
    <UnitTestResult executionId="dade11b7-0dcd-440f-bf64-cc3fabcc2ff8" testId="dfe80fde-f6ac-2719-09ac-c2ce0773b6db" testName="TestMethod1" computerName="LANLIANG" duration="00:00:02.4062654" startTime="2012-03-06T16:02:42.3536854+08:00" endTime="2012-03-06T16:02:44.7599508+08:00" testType="13cdc9d9-ddb5-4fa4-a97d-d965ccfc6d4b" outcome="Aborted" testListId="8c84fa94-04c1-424b-9868-57a2d4851a1d">
    </UnitTestResult>
  </Results>
</TestRun>